// Jest Snapshot v1, https://goo.gl/fbAQLP

exports[`should find errors in "markdown.md" 1`] = `[]`;

exports[`should find errors in "multiline-invalid.md" 1`] = `
[
  {
    "errorCount": 5,
    "filePath": "test/multiline-invalid.md",
    "messages": [
      {
        "column": 19,
        "line": 5,
        "message": "Attribute "type" has invalid value "invalid"",
        "offset": 99,
        "ruleId": "attribute-allowed-values",
        "selector": "div > button",
        "severity": 2,
        "size": 7,
      },
      {
        "column": 6,
        "line": 7,
        "message": "Mismatched close-tag, expected '</button>' but found '</div>'.",
        "offset": 150,
        "ruleId": "close-order",
        "selector": null,
        "severity": 2,
        "size": 4,
      },
      {
        "column": 2,
        "line": 8,
        "message": "Mismatched close-tag, expected '</div>' but found '</button>'.",
        "offset": 157,
        "ruleId": "close-order",
        "selector": null,
        "severity": 2,
        "size": 7,
      },
      {
        "column": 6,
        "line": 13,
        "message": "<button> is missing required "type" attribute",
        "offset": 190,
        "ruleId": "element-required-attributes",
        "selector": "div > button",
        "severity": 2,
        "size": 6,
      },
      {
        "column": 14,
        "line": 13,
        "message": "<div> element is not permitted as content under <button>",
        "offset": 198,
        "ruleId": "element-permitted-content",
        "selector": "div > button > div",
        "severity": 2,
        "size": 3,
      },
    ],
    "source": "# Markdown Header (Invalid Multiline html blocks)

\`\`\`html
<div something="row">
    <button type="invalid">
        Button not correctly closed
    </div>
</button>
\`\`\`

\`\`\`html
<div>
    <button><div>div in button</div></button>
</div>
\`\`\`
",
    "warningCount": 0,
  },
]
`;
